\BOOKMARK [0][-]{chapter.2}{\376\377\000D\000e\000s\000c\000r\000i\000p\000t\000i\000o\000n\000\040\000d\000u\000\040\000P\000r\000o\000j\000e\000t}{}% 1
\BOOKMARK [1][-]{section.3}{\376\377\000I\000n\000t\000r\000o\000d\000u\000c\000t\000i\000o\000n}{chapter.2}% 2
\BOOKMARK [1][-]{section.4}{\376\377\000P\000r\000o\000b\000l\000\351\000m\000a\000t\000i\000q\000u\000e}{chapter.2}% 3
\BOOKMARK [1][-]{section.5}{\376\377\000S\000o\000l\000u\000t\000i\000o\000n\000\040\000P\000r\000o\000p\000o\000s\000\351\000e}{chapter.2}% 4
\BOOKMARK [1][-]{section.6}{\376\377\000C\000o\000n\000c\000l\000u\000s\000i\000o\000n}{chapter.2}% 5
\BOOKMARK [0][-]{chapter.7}{\376\377\000C\000o\000n\000c\000e\000p\000t\000i\000o\000n\000\040\000e\000t\000\040\000\311\000t\000u\000d\000e\000\040\000d\000e\000s\000\040\000B\000e\000s\000o\000i\000n\000s}{}% 6
\BOOKMARK [1][-]{section.8}{\376\377\000I\000n\000t\000r\000o\000d\000u\000c\000t\000i\000o\000n}{chapter.7}% 7
\BOOKMARK [1][-]{section.9}{\376\377\000B\000e\000s\000o\000i\000n\000s\000\040\000f\000o\000n\000c\000t\000i\000o\000n\000n\000e\000l\000s}{chapter.7}% 8
\BOOKMARK [2][-]{subsection.10}{\376\377\000G\000e\000s\000t\000i\000o\000n\000\040\000d\000e\000s\000\040\000u\000t\000i\000l\000i\000s\000a\000t\000e\000u\000r\000s}{section.9}% 9
\BOOKMARK [2][-]{subsection.11}{\376\377\000G\000e\000s\000t\000i\000o\000n\000\040\000d\000e\000s\000\040\000m\000a\000c\000h\000i\000n\000e\000s}{section.9}% 10
\BOOKMARK [2][-]{subsection.12}{\376\377\000A\000c\000q\000u\000i\000s\000i\000t\000i\000o\000n\000\040\000d\000e\000s\000\040\000d\000o\000n\000n\000\351\000e\000s}{section.9}% 11
\BOOKMARK [2][-]{subsection.13}{\376\377\000S\000u\000p\000e\000r\000v\000i\000s\000i\000o\000n\000\040\000d\000e\000\040\000l\000a\000\040\000m\000a\000c\000h\000i\000n\000e}{section.9}% 12
\BOOKMARK [2][-]{subsection.14}{\376\377\000G\000e\000s\000t\000i\000o\000n\000\040\000d\000e\000s\000\040\000s\000e\000s\000s\000i\000o\000n\000s\000\040\000d\000e\000\040\000f\000o\000n\000c\000t\000i\000o\000n\000n\000e\000m\000e\000n\000t}{section.9}% 13
\BOOKMARK [2][-]{subsection.15}{\376\377\000S\000u\000i\000v\000i\000\040\000d\000e\000\040\000l\000a\000\040\000p\000r\000o\000d\000u\000c\000t\000i\000o\000n}{section.9}% 14
\BOOKMARK [2][-]{subsection.16}{\376\377\000C\000o\000m\000m\000u\000n\000i\000c\000a\000t\000i\000o\000n\000\040\000t\000e\000m\000p\000s\000\040\000r\000\351\000e\000l}{section.9}% 15
\BOOKMARK [1][-]{section.17}{\376\377\000B\000e\000s\000o\000i\000n\000s\000\040\000n\000o\000n\000\040\000f\000o\000n\000c\000t\000i\000o\000n\000n\000e\000l\000s}{chapter.7}% 16
\BOOKMARK [2][-]{subsection.18}{\376\377\000F\000i\000a\000b\000i\000l\000i\000t\000\351}{section.17}% 17
\BOOKMARK [2][-]{subsection.19}{\376\377\000S\000\351\000c\000u\000r\000i\000t\000\351}{section.17}% 18
\BOOKMARK [2][-]{subsection.20}{\376\377\000P\000e\000r\000f\000o\000r\000m\000a\000n\000c\000e}{section.17}% 19
\BOOKMARK [2][-]{subsection.21}{\376\377\000\311\000v\000o\000l\000u\000t\000i\000v\000i\000t\000\351}{section.17}% 20
\BOOKMARK [2][-]{subsection.22}{\376\377\000M\000a\000i\000n\000t\000e\000n\000a\000b\000i\000l\000i\000t\000\351}{section.17}% 21
\BOOKMARK [2][-]{subsection.23}{\376\377\000E\000r\000g\000o\000n\000o\000m\000i\000e}{section.17}% 22
\BOOKMARK [1][-]{section.24}{\376\377\000S\000c\000h\000\351\000m\000a\000\040\000d\000'\000e\000n\000c\000h\000a\000\356\000n\000e\000m\000e\000n\000t\000\040\000d\000e\000s\000\040\000d\000o\000n\000n\000\351\000e\000s}{chapter.7}% 23
\BOOKMARK [1][-]{section.25}{\376\377\000A\000r\000c\000h\000i\000t\000e\000c\000t\000u\000r\000e\000\040\000d\000u\000\040\000s\000y\000s\000t\000\350\000m\000e}{chapter.7}% 24
\BOOKMARK [1][-]{section.31}{\376\377\000P\000r\000o\000t\000o\000c\000o\000l\000e\000s\000\040\000I\000o\000T}{chapter.7}% 25
\BOOKMARK [2][-]{subsection.32}{\376\377\000M\000Q\000T\000T}{section.31}% 26
\BOOKMARK [2][-]{subsection.33}{\376\377\000H\000T\000T\000P\000/\000H\000T\000T\000P\000S}{section.31}% 27
\BOOKMARK [2][-]{subsection.34}{\376\377\000W\000e\000b\000S\000o\000c\000k\000e\000t}{section.31}% 28
\BOOKMARK [1][-]{section.35}{\376\377\000C\000h\000o\000i\000x\000\040\000d\000u\000\040\000p\000r\000o\000t\000o\000c\000o\000l\000e}{chapter.7}% 29
\BOOKMARK [1][-]{section.36}{\376\377\000D\000i\000a\000g\000r\000a\000m\000m\000e\000\040\000U\000M\000L}{chapter.7}% 30
\BOOKMARK [2][-]{subsection.37}{\376\377\000D\000i\000a\000g\000r\000a\000m\000m\000e\000\040\000d\000e\000\040\000c\000a\000s\000\040\000d\000'\000u\000t\000i\000l\000i\000s\000a\000t\000i\000o\000n}{section.36}% 31
\BOOKMARK [2][-]{subsection.38}{\376\377\000D\000i\000a\000g\000r\000a\000m\000m\000e\000\040\000d\000'\000a\000c\000t\000i\000v\000i\000t\000\351}{section.36}% 32
\BOOKMARK [2][-]{subsection.39}{\376\377\000D\000i\000a\000g\000r\000a\000m\000m\000e\000\040\000d\000e\000\040\000s\000\351\000q\000u\000e\000n\000c\000e}{section.36}% 33
\BOOKMARK [1][-]{section.40}{\376\377\000C\000o\000n\000c\000l\000u\000s\000i\000o\000n}{chapter.7}% 34
\BOOKMARK [0][-]{chapter.41}{\376\377\000R\000\351\000a\000l\000i\000s\000a\000t\000i\000o\000n}{}% 35
\BOOKMARK [1][-]{section.42}{\376\377\000I\000n\000t\000r\000o\000d\000u\000c\000t\000i\000o\000n}{chapter.41}% 36
\BOOKMARK [1][-]{section.43}{\376\377\000O\000u\000t\000i\000l\000s\000\040\000e\000t\000\040\000l\000o\000g\000i\000c\000i\000e\000l\000s\000\040\000u\000t\000i\000l\000i\000s\000\351\000s}{chapter.41}% 37
\BOOKMARK [2][-]{subsection.44}{\376\377\000A\000r\000d\000u\000i\000n\000o\000\040\000I\000D\000E}{section.43}% 38
\BOOKMARK [2][-]{subsection.46}{\376\377\000V\000i\000s\000u\000a\000l\000\040\000S\000t\000u\000d\000i\000o\000\040\000C\000o\000d\000e}{section.43}% 39
\BOOKMARK [2][-]{subsection.48}{\376\377\000S\000y\000m\000f\000o\000n\000y}{section.43}% 40
\BOOKMARK [2][-]{subsection.50}{\376\377\000R\000e\000a\000c\000t}{section.43}% 41
\BOOKMARK [2][-]{subsection.52}{\376\377\000R\000e\000a\000c\000t\000\040\000N\000a\000t\000i\000v\000e\000\040\000e\000t\000\040\000E\000x\000p\000o}{section.43}% 42
\BOOKMARK [2][-]{subsection.54}{\376\377\000P\000o\000s\000t\000g\000r\000e\000S\000Q\000L}{section.43}% 43
\BOOKMARK [2][-]{subsection.56}{\376\377\000D\000o\000c\000k\000e\000r}{section.43}% 44
\BOOKMARK [2][-]{subsection.58}{\376\377\000G\000i\000t\000\040\000e\000t\000\040\000G\000i\000t\000H\000u\000b}{section.43}% 45
\BOOKMARK [2][-]{subsection.60}{\376\377\000O\000u\000t\000i\000l\000s\000\040\000d\000e\000\040\000c\000o\000n\000c\000e\000p\000t\000i\000o\000n}{section.43}% 46
\BOOKMARK [3][-]{subsubsection.61}{\376\377\000S\000o\000l\000i\000d\000W\000o\000r\000k\000s}{subsection.60}% 47
\BOOKMARK [3][-]{subsubsection.63}{\376\377\000F\000r\000i\000t\000z\000i\000n\000g}{subsection.60}% 48
\BOOKMARK [1][-]{section.65}{\376\377\000M\000a\000t\000\351\000r\000i\000e\000l\000\040\000u\000t\000i\000l\000i\000s\000\351}{chapter.41}% 49
\BOOKMARK [2][-]{subsection.66}{\376\377\000A\000r\000d\000u\000i\000n\000o\000\040\000M\000e\000g\000a}{section.65}% 50
\BOOKMARK [2][-]{subsection.68}{\376\377\000E\000S\000P\0003\0002\000\040\000D\000E\000V\000K\000I\000T\000\040\000V\0001}{section.65}% 51
\BOOKMARK [2][-]{subsection.70}{\376\377\000M\000o\000t\000e\000u\000r\000\040\000p\000a\000s\000\040\000\340\000\040\000p\000a\000s}{section.65}% 52
\BOOKMARK [2][-]{subsection.72}{\376\377\000M\000o\000d\000u\000l\000e\000\040\000m\000o\000t\000e\000u\000r\000\040\000p\000a\000s\000\040\000\340\000\040\000p\000a\000s\000\040\000A\0004\0009\0008\0008}{section.65}% 53
\BOOKMARK [2][-]{subsection.74}{\376\377\000S\000y\000s\000t\000\350\000m\000e\000\040\000d\000e\000\040\000c\000h\000a\000u\000f\000f\000a\000g\000e}{section.65}% 54
\BOOKMARK [2][-]{subsection.76}{\376\377\000C\000a\000p\000t\000e\000u\000r\000\040\000d\000e\000\040\000t\000e\000m\000p\000\351\000r\000a\000t\000u\000r\000e}{section.65}% 55
\BOOKMARK [2][-]{subsection.77}{\376\377\000M\000o\000d\000u\000l\000e\000\040\000d\000e\000\040\000p\000u\000i\000s\000s\000a\000n\000c\000e\000\040\000B\000T\000S\0007\0009\0006\0000}{section.65}% 56
\BOOKMARK [2][-]{subsection.79}{\376\377\000C\000o\000n\000v\000e\000r\000t\000i\000s\000s\000e\000u\000r\000\040\000d\000e\000\040\000n\000i\000v\000e\000a\000u\000\040\000l\000o\000g\000i\000q\000u\000e\000\040\000T\000X\000S\0000\0001\0000\0008}{section.65}% 57
\BOOKMARK [2][-]{subsection.81}{\376\377\000M\000o\000d\000u\000l\000e\000\040\000c\000o\000n\000v\000e\000r\000t\000i\000s\000s\000e\000u\000r\000\040\000X\000L\0006\0000\0000\0009\000E\0001}{section.65}% 58
\BOOKMARK [2][-]{subsection.83}{\376\377\000A\000l\000i\000m\000e\000n\000t\000a\000t\000i\000o\000n}{section.65}% 59
\BOOKMARK [1][-]{section.84}{\376\377\000P\000r\000o\000c\000e\000s\000s\000u\000s\000\040\000d\000u\000\040\000s\000y\000s\000t\000\350\000m\000e}{chapter.41}% 60
\BOOKMARK [2][-]{subsection.85}{\376\377\000P\000r\000\351\000p\000a\000r\000a\000t\000i\000o\000n\000\040\000d\000u\000\040\000m\000a\000t\000\351\000r\000i\000a\000u}{section.84}% 61
\BOOKMARK [2][-]{subsection.86}{\376\377\000M\000i\000s\000e\000\040\000e\000n\000\040\000t\000e\000m\000p\000\351\000r\000a\000t\000u\000r\000e}{section.84}% 62
\BOOKMARK [2][-]{subsection.87}{\376\377\000E\000x\000t\000r\000u\000s\000i\000o\000n}{section.84}% 63
\BOOKMARK [2][-]{subsection.88}{\376\377\000T\000r\000a\000n\000s\000m\000i\000s\000s\000i\000o\000n\000\040\000d\000e\000s\000\040\000d\000o\000n\000n\000\351\000e\000s}{section.84}% 64
\BOOKMARK [2][-]{subsection.89}{\376\377\000S\000u\000p\000e\000r\000v\000i\000s\000i\000o\000n}{section.84}% 65
\BOOKMARK [2][-]{subsection.90}{\376\377\000F\000i\000n\000\040\000d\000e\000\040\000p\000r\000o\000d\000u\000c\000t\000i\000o\000n}{section.84}% 66
\BOOKMARK [1][-]{section.91}{\376\377\000I\000n\000t\000e\000r\000f\000a\000c\000e\000\040\000u\000t\000i\000l\000i\000s\000a\000t\000e\000u\000r}{chapter.41}% 67
\BOOKMARK [2][-]{subsection.92}{\376\377\000A\000p\000p\000l\000i\000c\000a\000t\000i\000o\000n\000\040\000w\000e\000b}{section.91}% 68
\BOOKMARK [2][-]{subsection.93}{\376\377\000A\000p\000p\000l\000i\000c\000a\000t\000i\000o\000n\000\040\000m\000o\000b\000i\000l\000e}{section.91}% 69
\BOOKMARK [2][-]{subsection.94}{\376\377\000C\000o\000m\000m\000u\000n\000i\000c\000a\000t\000i\000o\000n\000\040\000a\000v\000e\000c\000\040\000l\000e\000\040\000b\000a\000c\000k\000e\000n\000d}{section.91}% 70
\BOOKMARK [1][-]{section.95}{\376\377\000S\000c\000h\000\351\000m\000a\000\040\000e\000t\000\040\000c\000\342\000b\000l\000a\000g\000e}{chapter.41}% 71
\BOOKMARK [2][-]{subsection.96}{\376\377\000C\000o\000m\000m\000u\000n\000i\000c\000a\000t\000i\000o\000n\000\040\000A\000r\000d\000u\000i\000n\000o\000\040\000M\000e\000g\000a\000\040\040\023\000\040\000E\000S\000P\0003\0002}{section.95}% 72
\BOOKMARK [2][-]{subsection.97}{\376\377\000C\000o\000m\000m\000a\000n\000d\000e\000\040\000d\000u\000\040\000m\000o\000t\000e\000u\000r}{section.95}% 73
\BOOKMARK [2][-]{subsection.98}{\376\377\000C\000o\000n\000t\000r\000\364\000l\000e\000\040\000d\000e\000\040\000l\000a\000\040\000t\000e\000m\000p\000\351\000r\000a\000t\000u\000r\000e}{section.95}% 74
\BOOKMARK [1][-]{section.99}{\376\377\000C\000o\000n\000c\000l\000u\000s\000i\000o\000n}{chapter.41}% 75
\BOOKMARK [0][-]{chapter*.100}{\376\377\000C\000o\000n\000c\000l\000u\000s\000i\000o\000n\000\040\000g\000\351\000n\000\351\000r\000a\000l\000e}{}% 76
\BOOKMARK [0][-]{chapter*.100}{\376\377\000B\000i\000b\000l\000i\000o\000g\000r\000a\000p\000h\000i\000e}{}% 77
